<?xml version="1.0" encoding="utf-8"?><testsuites name="pytest tests"><testsuite name="pytest" errors="0" failures="0" skipped="0" tests="3" time="0.057" timestamp="2025-06-09T00:22:57.938960-07:00" hostname="Georges-iMac.local"><testcase classname="test_ci_validation" name="test_basic_math" time="0.001" /><testcase classname="test_ci_validation" name="test_string_operations" time="0.000" /><testcase classname="test_ci_validation" name="test_list_operations" time="0.000" /></testsuite></testsuites>